---
source: crates/ebpf-verifier/tests/trace_snapshot.rs
assertion_line: 50
expression: "trace_json(\"loop.bin\")"
---
[
  {
    "pc": 0,
    "insns": "0   mov r0, 0",
    "regs": [
      {
        "r": 0,
        "type": "scalar",
        "range": [
          0,
          0
        ],
        "offset": null
      },
      {
        "r": 1,
        "type": "not_init",
        "range": null,
        "offset": null
      },
      {
        "r": 2,
        "type": "not_init",
        "range": null,
        "offset": null
      },
      {
        "r": 3,
        "type": "not_init",
        "range": null,
        "offset": null
      },
      {
        "r": 4,
        "type": "not_init",
        "range": null,
        "offset": null
      },
      {
        "r": 5,
        "type": "not_init",
        "range": null,
        "offset": null
      },
      {
        "r": 6,
        "type": "not_init",
        "range": null,
        "offset": null
      },
      {
        "r": 7,
        "type": "not_init",
        "range": null,
        "offset": null
      },
      {
        "r": 8,
        "type": "not_init",
        "range": null,
        "offset": null
      },
      {
        "r": 9,
        "type": "not_init",
        "range": null,
        "offset": null
      },
      {
        "r": 10,
        "type": "stack_ptr",
        "range": null,
        "offset": 0
      }
    ],
    "stack_init": [],
    "action": "r0 mov= 0"
  },
  {
    "pc": 1,
    "insns": "1   mov r1, 0",
    "regs": [
      {
        "r": 0,
        "type": "scalar",
        "range": [
          0,
          0
        ],
        "offset": null
      },
      {
        "r": 1,
        "type": "scalar",
        "range": [
          0,
          0
        ],
        "offset": null
      },
      {
        "r": 2,
        "type": "not_init",
        "range": null,
        "offset": null
      },
      {
        "r": 3,
        "type": "not_init",
        "range": null,
        "offset": null
      },
      {
        "r": 4,
        "type": "not_init",
        "range": null,
        "offset": null
      },
      {
        "r": 5,
        "type": "not_init",
        "range": null,
        "offset": null
      },
      {
        "r": 6,
        "type": "not_init",
        "range": null,
        "offset": null
      },
      {
        "r": 7,
        "type": "not_init",
        "range": null,
        "offset": null
      },
      {
        "r": 8,
        "type": "not_init",
        "range": null,
        "offset": null
      },
      {
        "r": 9,
        "type": "not_init",
        "range": null,
        "offset": null
      },
      {
        "r": 10,
        "type": "stack_ptr",
        "range": null,
        "offset": 0
      }
    ],
    "stack_init": [],
    "action": "r1 mov= 0"
  },
  {
    "pc": 2,
    "insns": "2   add r0, 1",
    "regs": [
      {
        "r": 0,
        "type": "scalar",
        "range": [
          1,
          1
        ],
        "offset": null
      },
      {
        "r": 1,
        "type": "scalar",
        "range": [
          0,
          0
        ],
        "offset": null
      },
      {
        "r": 2,
        "type": "not_init",
        "range": null,
        "offset": null
      },
      {
        "r": 3,
        "type": "not_init",
        "range": null,
        "offset": null
      },
      {
        "r": 4,
        "type": "not_init",
        "range": null,
        "offset": null
      },
      {
        "r": 5,
        "type": "not_init",
        "range": null,
        "offset": null
      },
      {
        "r": 6,
        "type": "not_init",
        "range": null,
        "offset": null
      },
      {
        "r": 7,
        "type": "not_init",
        "range": null,
        "offset": null
      },
      {
        "r": 8,
        "type": "not_init",
        "range": null,
        "offset": null
      },
      {
        "r": 9,
        "type": "not_init",
        "range": null,
        "offset": null
      },
      {
        "r": 10,
        "type": "stack_ptr",
        "range": null,
        "offset": 0
      }
    ],
    "stack_init": [],
    "action": "r0 add= 1"
  },
  {
    "pc": 3,
    "insns": "3   add r1, 1",
    "regs": [
      {
        "r": 0,
        "type": "scalar",
        "range": [
          1,
          1
        ],
        "offset": null
      },
      {
        "r": 1,
        "type": "scalar",
        "range": [
          1,
          1
        ],
        "offset": null
      },
      {
        "r": 2,
        "type": "not_init",
        "range": null,
        "offset": null
      },
      {
        "r": 3,
        "type": "not_init",
        "range": null,
        "offset": null
      },
      {
        "r": 4,
        "type": "not_init",
        "range": null,
        "offset": null
      },
      {
        "r": 5,
        "type": "not_init",
        "range": null,
        "offset": null
      },
      {
        "r": 6,
        "type": "not_init",
        "range": null,
        "offset": null
      },
      {
        "r": 7,
        "type": "not_init",
        "range": null,
        "offset": null
      },
      {
        "r": 8,
        "type": "not_init",
        "range": null,
        "offset": null
      },
      {
        "r": 9,
        "type": "not_init",
        "range": null,
        "offset": null
      },
      {
        "r": 10,
        "type": "stack_ptr",
        "range": null,
        "offset": 0
      }
    ],
    "stack_init": [],
    "action": "r1 add= 1"
  },
  {
    "pc": 4,
    "insns": "4   jlt r1, 10, +-3",
    "regs": [
      {
        "r": 0,
        "type": "scalar",
        "range": [
          1,
          1
        ],
        "offset": null
      },
      {
        "r": 1,
        "type": "scalar",
        "range": [
          1,
          1
        ],
        "offset": null
      },
      {
        "r": 2,
        "type": "not_init",
        "range": null,
        "offset": null
      },
      {
        "r": 3,
        "type": "not_init",
        "range": null,
        "offset": null
      },
      {
        "r": 4,
        "type": "not_init",
        "range": null,
        "offset": null
      },
      {
        "r": 5,
        "type": "not_init",
        "range": null,
        "offset": null
      },
      {
        "r": 6,
        "type": "not_init",
        "range": null,
        "offset": null
      },
      {
        "r": 7,
        "type": "not_init",
        "range": null,
        "offset": null
      },
      {
        "r": 8,
        "type": "not_init",
        "range": null,
        "offset": null
      },
      {
        "r": 9,
        "type": "not_init",
        "range": null,
        "offset": null
      },
      {
        "r": 10,
        "type": "stack_ptr",
        "range": null,
        "offset": 0
      }
    ],
    "stack_init": [],
    "action": "jlt r1, 10, +-3"
  },
  {
    "pc": 2,
    "insns": "2   add r0, 1",
    "regs": [
      {
        "r": 0,
        "type": "scalar",
        "range": [
          1,
          2
        ],
        "offset": null
      },
      {
        "r": 1,
        "type": "scalar",
        "range": [
          0,
          1
        ],
        "offset": null
      },
      {
        "r": 2,
        "type": "not_init",
        "range": null,
        "offset": null
      },
      {
        "r": 3,
        "type": "not_init",
        "range": null,
        "offset": null
      },
      {
        "r": 4,
        "type": "not_init",
        "range": null,
        "offset": null
      },
      {
        "r": 5,
        "type": "not_init",
        "range": null,
        "offset": null
      },
      {
        "r": 6,
        "type": "not_init",
        "range": null,
        "offset": null
      },
      {
        "r": 7,
        "type": "not_init",
        "range": null,
        "offset": null
      },
      {
        "r": 8,
        "type": "not_init",
        "range": null,
        "offset": null
      },
      {
        "r": 9,
        "type": "not_init",
        "range": null,
        "offset": null
      },
      {
        "r": 10,
        "type": "stack_ptr",
        "range": null,
        "offset": 0
      }
    ],
    "stack_init": [],
    "action": "r0 add= 1"
  },
  {
    "pc": 3,
    "insns": "3   add r1, 1",
    "regs": [
      {
        "r": 0,
        "type": "scalar",
        "range": [
          1,
          2
        ],
        "offset": null
      },
      {
        "r": 1,
        "type": "scalar",
        "range": [
          1,
          2
        ],
        "offset": null
      },
      {
        "r": 2,
        "type": "not_init",
        "range": null,
        "offset": null
      },
      {
        "r": 3,
        "type": "not_init",
        "range": null,
        "offset": null
      },
      {
        "r": 4,
        "type": "not_init",
        "range": null,
        "offset": null
      },
      {
        "r": 5,
        "type": "not_init",
        "range": null,
        "offset": null
      },
      {
        "r": 6,
        "type": "not_init",
        "range": null,
        "offset": null
      },
      {
        "r": 7,
        "type": "not_init",
        "range": null,
        "offset": null
      },
      {
        "r": 8,
        "type": "not_init",
        "range": null,
        "offset": null
      },
      {
        "r": 9,
        "type": "not_init",
        "range": null,
        "offset": null
      },
      {
        "r": 10,
        "type": "stack_ptr",
        "range": null,
        "offset": 0
      }
    ],
    "stack_init": [],
    "action": "r1 add= 1"
  },
  {
    "pc": 4,
    "insns": "4   jlt r1, 10, +-3",
    "regs": [
      {
        "r": 0,
        "type": "scalar",
        "range": [
          1,
          2
        ],
        "offset": null
      },
      {
        "r": 1,
        "type": "scalar",
        "range": [
          1,
          2
        ],
        "offset": null
      },
      {
        "r": 2,
        "type": "not_init",
        "range": null,
        "offset": null
      },
      {
        "r": 3,
        "type": "not_init",
        "range": null,
        "offset": null
      },
      {
        "r": 4,
        "type": "not_init",
        "range": null,
        "offset": null
      },
      {
        "r": 5,
        "type": "not_init",
        "range": null,
        "offset": null
      },
      {
        "r": 6,
        "type": "not_init",
        "range": null,
        "offset": null
      },
      {
        "r": 7,
        "type": "not_init",
        "range": null,
        "offset": null
      },
      {
        "r": 8,
        "type": "not_init",
        "range": null,
        "offset": null
      },
      {
        "r": 9,
        "type": "not_init",
        "range": null,
        "offset": null
      },
      {
        "r": 10,
        "type": "stack_ptr",
        "range": null,
        "offset": 0
      }
    ],
    "stack_init": [],
    "action": "jlt r1, 10, +-3"
  },
  {
    "pc": 2,
    "insns": "2   add r0, 1",
    "regs": [
      {
        "r": 0,
        "type": "scalar",
        "range": [
          1,
          3
        ],
        "offset": null
      },
      {
        "r": 1,
        "type": "scalar",
        "range": [
          0,
          2
        ],
        "offset": null
      },
      {
        "r": 2,
        "type": "not_init",
        "range": null,
        "offset": null
      },
      {
        "r": 3,
        "type": "not_init",
        "range": null,
        "offset": null
      },
      {
        "r": 4,
        "type": "not_init",
        "range": null,
        "offset": null
      },
      {
        "r": 5,
        "type": "not_init",
        "range": null,
        "offset": null
      },
      {
        "r": 6,
        "type": "not_init",
        "range": null,
        "offset": null
      },
      {
        "r": 7,
        "type": "not_init",
        "range": null,
        "offset": null
      },
      {
        "r": 8,
        "type": "not_init",
        "range": null,
        "offset": null
      },
      {
        "r": 9,
        "type": "not_init",
        "range": null,
        "offset": null
      },
      {
        "r": 10,
        "type": "stack_ptr",
        "range": null,
        "offset": 0
      }
    ],
    "stack_init": [],
    "action": "r0 add= 1"
  },
  {
    "pc": 3,
    "insns": "3   add r1, 1",
    "regs": [
      {
        "r": 0,
        "type": "scalar",
        "range": [
          1,
          3
        ],
        "offset": null
      },
      {
        "r": 1,
        "type": "scalar",
        "range": [
          1,
          3
        ],
        "offset": null
      },
      {
        "r": 2,
        "type": "not_init",
        "range": null,
        "offset": null
      },
      {
        "r": 3,
        "type": "not_init",
        "range": null,
        "offset": null
      },
      {
        "r": 4,
        "type": "not_init",
        "range": null,
        "offset": null
      },
      {
        "r": 5,
        "type": "not_init",
        "range": null,
        "offset": null
      },
      {
        "r": 6,
        "type": "not_init",
        "range": null,
        "offset": null
      },
      {
        "r": 7,
        "type": "not_init",
        "range": null,
        "offset": null
      },
      {
        "r": 8,
        "type": "not_init",
        "range": null,
        "offset": null
      },
      {
        "r": 9,
        "type": "not_init",
        "range": null,
        "offset": null
      },
      {
        "r": 10,
        "type": "stack_ptr",
        "range": null,
        "offset": 0
      }
    ],
    "stack_init": [],
    "action": "r1 add= 1"
  },
  {
    "pc": 4,
    "insns": "4   jlt r1, 10, +-3",
    "regs": [
      {
        "r": 0,
        "type": "scalar",
        "range": [
          1,
          3
        ],
        "offset": null
      },
      {
        "r": 1,
        "type": "scalar",
        "range": [
          1,
          3
        ],
        "offset": null
      },
      {
        "r": 2,
        "type": "not_init",
        "range": null,
        "offset": null
      },
      {
        "r": 3,
        "type": "not_init",
        "range": null,
        "offset": null
      },
      {
        "r": 4,
        "type": "not_init",
        "range": null,
        "offset": null
      },
      {
        "r": 5,
        "type": "not_init",
        "range": null,
        "offset": null
      },
      {
        "r": 6,
        "type": "not_init",
        "range": null,
        "offset": null
      },
      {
        "r": 7,
        "type": "not_init",
        "range": null,
        "offset": null
      },
      {
        "r": 8,
        "type": "not_init",
        "range": null,
        "offset": null
      },
      {
        "r": 9,
        "type": "not_init",
        "range": null,
        "offset": null
      },
      {
        "r": 10,
        "type": "stack_ptr",
        "range": null,
        "offset": 0
      }
    ],
    "stack_init": [],
    "action": "jlt r1, 10, +-3"
  },
  {
    "pc": 2,
    "insns": "2   add r0, 1",
    "regs": [
      {
        "r": 0,
        "type": "scalar",
        "range": [
          1,
          4
        ],
        "offset": null
      },
      {
        "r": 1,
        "type": "scalar",
        "range": [
          0,
          3
        ],
        "offset": null
      },
      {
        "r": 2,
        "type": "not_init",
        "range": null,
        "offset": null
      },
      {
        "r": 3,
        "type": "not_init",
        "range": null,
        "offset": null
      },
      {
        "r": 4,
        "type": "not_init",
        "range": null,
        "offset": null
      },
      {
        "r": 5,
        "type": "not_init",
        "range": null,
        "offset": null
      },
      {
        "r": 6,
        "type": "not_init",
        "range": null,
        "offset": null
      },
      {
        "r": 7,
        "type": "not_init",
        "range": null,
        "offset": null
      },
      {
        "r": 8,
        "type": "not_init",
        "range": null,
        "offset": null
      },
      {
        "r": 9,
        "type": "not_init",
        "range": null,
        "offset": null
      },
      {
        "r": 10,
        "type": "stack_ptr",
        "range": null,
        "offset": 0
      }
    ],
    "stack_init": [],
    "action": "r0 add= 1"
  },
  {
    "pc": 3,
    "insns": "3   add r1, 1",
    "regs": [
      {
        "r": 0,
        "type": "scalar",
        "range": [
          1,
          4
        ],
        "offset": null
      },
      {
        "r": 1,
        "type": "scalar",
        "range": [
          1,
          4
        ],
        "offset": null
      },
      {
        "r": 2,
        "type": "not_init",
        "range": null,
        "offset": null
      },
      {
        "r": 3,
        "type": "not_init",
        "range": null,
        "offset": null
      },
      {
        "r": 4,
        "type": "not_init",
        "range": null,
        "offset": null
      },
      {
        "r": 5,
        "type": "not_init",
        "range": null,
        "offset": null
      },
      {
        "r": 6,
        "type": "not_init",
        "range": null,
        "offset": null
      },
      {
        "r": 7,
        "type": "not_init",
        "range": null,
        "offset": null
      },
      {
        "r": 8,
        "type": "not_init",
        "range": null,
        "offset": null
      },
      {
        "r": 9,
        "type": "not_init",
        "range": null,
        "offset": null
      },
      {
        "r": 10,
        "type": "stack_ptr",
        "range": null,
        "offset": 0
      }
    ],
    "stack_init": [],
    "action": "r1 add= 1"
  },
  {
    "pc": 4,
    "insns": "4   jlt r1, 10, +-3",
    "regs": [
      {
        "r": 0,
        "type": "scalar",
        "range": [
          1,
          4
        ],
        "offset": null
      },
      {
        "r": 1,
        "type": "scalar",
        "range": [
          1,
          4
        ],
        "offset": null
      },
      {
        "r": 2,
        "type": "not_init",
        "range": null,
        "offset": null
      },
      {
        "r": 3,
        "type": "not_init",
        "range": null,
        "offset": null
      },
      {
        "r": 4,
        "type": "not_init",
        "range": null,
        "offset": null
      },
      {
        "r": 5,
        "type": "not_init",
        "range": null,
        "offset": null
      },
      {
        "r": 6,
        "type": "not_init",
        "range": null,
        "offset": null
      },
      {
        "r": 7,
        "type": "not_init",
        "range": null,
        "offset": null
      },
      {
        "r": 8,
        "type": "not_init",
        "range": null,
        "offset": null
      },
      {
        "r": 9,
        "type": "not_init",
        "range": null,
        "offset": null
      },
      {
        "r": 10,
        "type": "stack_ptr",
        "range": null,
        "offset": 0
      }
    ],
    "stack_init": [],
    "action": "jlt r1, 10, +-3"
  },
  {
    "pc": 2,
    "insns": "2   add r0, 1",
    "regs": [
      {
        "r": 0,
        "type": "scalar",
        "range": [
          1,
          5
        ],
        "offset": null
      },
      {
        "r": 1,
        "type": "scalar",
        "range": [
          0,
          4
        ],
        "offset": null
      },
      {
        "r": 2,
        "type": "not_init",
        "range": null,
        "offset": null
      },
      {
        "r": 3,
        "type": "not_init",
        "range": null,
        "offset": null
      },
      {
        "r": 4,
        "type": "not_init",
        "range": null,
        "offset": null
      },
      {
        "r": 5,
        "type": "not_init",
        "range": null,
        "offset": null
      },
      {
        "r": 6,
        "type": "not_init",
        "range": null,
        "offset": null
      },
      {
        "r": 7,
        "type": "not_init",
        "range": null,
        "offset": null
      },
      {
        "r": 8,
        "type": "not_init",
        "range": null,
        "offset": null
      },
      {
        "r": 9,
        "type": "not_init",
        "range": null,
        "offset": null
      },
      {
        "r": 10,
        "type": "stack_ptr",
        "range": null,
        "offset": 0
      }
    ],
    "stack_init": [],
    "action": "r0 add= 1"
  },
  {
    "pc": 3,
    "insns": "3   add r1, 1",
    "regs": [
      {
        "r": 0,
        "type": "scalar",
        "range": [
          1,
          5
        ],
        "offset": null
      },
      {
        "r": 1,
        "type": "scalar",
        "range": [
          1,
          5
        ],
        "offset": null
      },
      {
        "r": 2,
        "type": "not_init",
        "range": null,
        "offset": null
      },
      {
        "r": 3,
        "type": "not_init",
        "range": null,
        "offset": null
      },
      {
        "r": 4,
        "type": "not_init",
        "range": null,
        "offset": null
      },
      {
        "r": 5,
        "type": "not_init",
        "range": null,
        "offset": null
      },
      {
        "r": 6,
        "type": "not_init",
        "range": null,
        "offset": null
      },
      {
        "r": 7,
        "type": "not_init",
        "range": null,
        "offset": null
      },
      {
        "r": 8,
        "type": "not_init",
        "range": null,
        "offset": null
      },
      {
        "r": 9,
        "type": "not_init",
        "range": null,
        "offset": null
      },
      {
        "r": 10,
        "type": "stack_ptr",
        "range": null,
        "offset": 0
      }
    ],
    "stack_init": [],
    "action": "r1 add= 1"
  },
  {
    "pc": 4,
    "insns": "4   jlt r1, 10, +-3",
    "regs": [
      {
        "r": 0,
        "type": "scalar",
        "range": [
          1,
          5
        ],
        "offset": null
      },
      {
        "r": 1,
        "type": "scalar",
        "range": [
          1,
          5
        ],
        "offset": null
      },
      {
        "r": 2,
        "type": "not_init",
        "range": null,
        "offset": null
      },
      {
        "r": 3,
        "type": "not_init",
        "range": null,
        "offset": null
      },
      {
        "r": 4,
        "type": "not_init",
        "range": null,
        "offset": null
      },
      {
        "r": 5,
        "type": "not_init",
        "range": null,
        "offset": null
      },
      {
        "r": 6,
        "type": "not_init",
        "range": null,
        "offset": null
      },
      {
        "r": 7,
        "type": "not_init",
        "range": null,
        "offset": null
      },
      {
        "r": 8,
        "type": "not_init",
        "range": null,
        "offset": null
      },
      {
        "r": 9,
        "type": "not_init",
        "range": null,
        "offset": null
      },
      {
        "r": 10,
        "type": "stack_ptr",
        "range": null,
        "offset": 0
      }
    ],
    "stack_init": [],
    "action": "jlt r1, 10, +-3"
  },
  {
    "pc": 2,
    "insns": "2   add r0, 1",
    "regs": [
      {
        "r": 0,
        "type": "scalar",
        "range": [
          1,
          6
        ],
        "offset": null
      },
      {
        "r": 1,
        "type": "scalar",
        "range": [
          0,
          5
        ],
        "offset": null
      },
      {
        "r": 2,
        "type": "not_init",
        "range": null,
        "offset": null
      },
      {
        "r": 3,
        "type": "not_init",
        "range": null,
        "offset": null
      },
      {
        "r": 4,
        "type": "not_init",
        "range": null,
        "offset": null
      },
      {
        "r": 5,
        "type": "not_init",
        "range": null,
        "offset": null
      },
      {
        "r": 6,
        "type": "not_init",
        "range": null,
        "offset": null
      },
      {
        "r": 7,
        "type": "not_init",
        "range": null,
        "offset": null
      },
      {
        "r": 8,
        "type": "not_init",
        "range": null,
        "offset": null
      },
      {
        "r": 9,
        "type": "not_init",
        "range": null,
        "offset": null
      },
      {
        "r": 10,
        "type": "stack_ptr",
        "range": null,
        "offset": 0
      }
    ],
    "stack_init": [],
    "action": "r0 add= 1"
  },
  {
    "pc": 3,
    "insns": "3   add r1, 1",
    "regs": [
      {
        "r": 0,
        "type": "scalar",
        "range": [
          1,
          6
        ],
        "offset": null
      },
      {
        "r": 1,
        "type": "scalar",
        "range": [
          1,
          6
        ],
        "offset": null
      },
      {
        "r": 2,
        "type": "not_init",
        "range": null,
        "offset": null
      },
      {
        "r": 3,
        "type": "not_init",
        "range": null,
        "offset": null
      },
      {
        "r": 4,
        "type": "not_init",
        "range": null,
        "offset": null
      },
      {
        "r": 5,
        "type": "not_init",
        "range": null,
        "offset": null
      },
      {
        "r": 6,
        "type": "not_init",
        "range": null,
        "offset": null
      },
      {
        "r": 7,
        "type": "not_init",
        "range": null,
        "offset": null
      },
      {
        "r": 8,
        "type": "not_init",
        "range": null,
        "offset": null
      },
      {
        "r": 9,
        "type": "not_init",
        "range": null,
        "offset": null
      },
      {
        "r": 10,
        "type": "stack_ptr",
        "range": null,
        "offset": 0
      }
    ],
    "stack_init": [],
    "action": "r1 add= 1"
  },
  {
    "pc": 4,
    "insns": "4   jlt r1, 10, +-3",
    "regs": [
      {
        "r": 0,
        "type": "scalar",
        "range": [
          1,
          6
        ],
        "offset": null
      },
      {
        "r": 1,
        "type": "scalar",
        "range": [
          1,
          6
        ],
        "offset": null
      },
      {
        "r": 2,
        "type": "not_init",
        "range": null,
        "offset": null
      },
      {
        "r": 3,
        "type": "not_init",
        "range": null,
        "offset": null
      },
      {
        "r": 4,
        "type": "not_init",
        "range": null,
        "offset": null
      },
      {
        "r": 5,
        "type": "not_init",
        "range": null,
        "offset": null
      },
      {
        "r": 6,
        "type": "not_init",
        "range": null,
        "offset": null
      },
      {
        "r": 7,
        "type": "not_init",
        "range": null,
        "offset": null
      },
      {
        "r": 8,
        "type": "not_init",
        "range": null,
        "offset": null
      },
      {
        "r": 9,
        "type": "not_init",
        "range": null,
        "offset": null
      },
      {
        "r": 10,
        "type": "stack_ptr",
        "range": null,
        "offset": 0
      }
    ],
    "stack_init": [],
    "action": "jlt r1, 10, +-3"
  },
  {
    "pc": 2,
    "insns": "2   add r0, 1",
    "regs": [
      {
        "r": 0,
        "type": "scalar",
        "range": [
          1,
          7
        ],
        "offset": null
      },
      {
        "r": 1,
        "type": "scalar",
        "range": [
          0,
          6
        ],
        "offset": null
      },
      {
        "r": 2,
        "type": "not_init",
        "range": null,
        "offset": null
      },
      {
        "r": 3,
        "type": "not_init",
        "range": null,
        "offset": null
      },
      {
        "r": 4,
        "type": "not_init",
        "range": null,
        "offset": null
      },
      {
        "r": 5,
        "type": "not_init",
        "range": null,
        "offset": null
      },
      {
        "r": 6,
        "type": "not_init",
        "range": null,
        "offset": null
      },
      {
        "r": 7,
        "type": "not_init",
        "range": null,
        "offset": null
      },
      {
        "r": 8,
        "type": "not_init",
        "range": null,
        "offset": null
      },
      {
        "r": 9,
        "type": "not_init",
        "range": null,
        "offset": null
      },
      {
        "r": 10,
        "type": "stack_ptr",
        "range": null,
        "offset": 0
      }
    ],
    "stack_init": [],
    "action": "r0 add= 1"
  },
  {
    "pc": 3,
    "insns": "3   add r1, 1",
    "regs": [
      {
        "r": 0,
        "type": "scalar",
        "range": [
          1,
          7
        ],
        "offset": null
      },
      {
        "r": 1,
        "type": "scalar",
        "range": [
          1,
          7
        ],
        "offset": null
      },
      {
        "r": 2,
        "type": "not_init",
        "range": null,
        "offset": null
      },
      {
        "r": 3,
        "type": "not_init",
        "range": null,
        "offset": null
      },
      {
        "r": 4,
        "type": "not_init",
        "range": null,
        "offset": null
      },
      {
        "r": 5,
        "type": "not_init",
        "range": null,
        "offset": null
      },
      {
        "r": 6,
        "type": "not_init",
        "range": null,
        "offset": null
      },
      {
        "r": 7,
        "type": "not_init",
        "range": null,
        "offset": null
      },
      {
        "r": 8,
        "type": "not_init",
        "range": null,
        "offset": null
      },
      {
        "r": 9,
        "type": "not_init",
        "range": null,
        "offset": null
      },
      {
        "r": 10,
        "type": "stack_ptr",
        "range": null,
        "offset": 0
      }
    ],
    "stack_init": [],
    "action": "r1 add= 1"
  },
  {
    "pc": 4,
    "insns": "4   jlt r1, 10, +-3",
    "regs": [
      {
        "r": 0,
        "type": "scalar",
        "range": [
          1,
          7
        ],
        "offset": null
      },
      {
        "r": 1,
        "type": "scalar",
        "range": [
          1,
          7
        ],
        "offset": null
      },
      {
        "r": 2,
        "type": "not_init",
        "range": null,
        "offset": null
      },
      {
        "r": 3,
        "type": "not_init",
        "range": null,
        "offset": null
      },
      {
        "r": 4,
        "type": "not_init",
        "range": null,
        "offset": null
      },
      {
        "r": 5,
        "type": "not_init",
        "range": null,
        "offset": null
      },
      {
        "r": 6,
        "type": "not_init",
        "range": null,
        "offset": null
      },
      {
        "r": 7,
        "type": "not_init",
        "range": null,
        "offset": null
      },
      {
        "r": 8,
        "type": "not_init",
        "range": null,
        "offset": null
      },
      {
        "r": 9,
        "type": "not_init",
        "range": null,
        "offset": null
      },
      {
        "r": 10,
        "type": "stack_ptr",
        "range": null,
        "offset": 0
      }
    ],
    "stack_init": [],
    "action": "jlt r1, 10, +-3"
  },
  {
    "pc": 2,
    "insns": "2   add r0, 1",
    "regs": [
      {
        "r": 0,
        "type": "scalar",
        "range": [
          1,
          8
        ],
        "offset": null
      },
      {
        "r": 1,
        "type": "scalar",
        "range": [
          0,
          7
        ],
        "offset": null
      },
      {
        "r": 2,
        "type": "not_init",
        "range": null,
        "offset": null
      },
      {
        "r": 3,
        "type": "not_init",
        "range": null,
        "offset": null
      },
      {
        "r": 4,
        "type": "not_init",
        "range": null,
        "offset": null
      },
      {
        "r": 5,
        "type": "not_init",
        "range": null,
        "offset": null
      },
      {
        "r": 6,
        "type": "not_init",
        "range": null,
        "offset": null
      },
      {
        "r": 7,
        "type": "not_init",
        "range": null,
        "offset": null
      },
      {
        "r": 8,
        "type": "not_init",
        "range": null,
        "offset": null
      },
      {
        "r": 9,
        "type": "not_init",
        "range": null,
        "offset": null
      },
      {
        "r": 10,
        "type": "stack_ptr",
        "range": null,
        "offset": 0
      }
    ],
    "stack_init": [],
    "action": "r0 add= 1"
  },
  {
    "pc": 3,
    "insns": "3   add r1, 1",
    "regs": [
      {
        "r": 0,
        "type": "scalar",
        "range": [
          1,
          8
        ],
        "offset": null
      },
      {
        "r": 1,
        "type": "scalar",
        "range": [
          1,
          8
        ],
        "offset": null
      },
      {
        "r": 2,
        "type": "not_init",
        "range": null,
        "offset": null
      },
      {
        "r": 3,
        "type": "not_init",
        "range": null,
        "offset": null
      },
      {
        "r": 4,
        "type": "not_init",
        "range": null,
        "offset": null
      },
      {
        "r": 5,
        "type": "not_init",
        "range": null,
        "offset": null
      },
      {
        "r": 6,
        "type": "not_init",
        "range": null,
        "offset": null
      },
      {
        "r": 7,
        "type": "not_init",
        "range": null,
        "offset": null
      },
      {
        "r": 8,
        "type": "not_init",
        "range": null,
        "offset": null
      },
      {
        "r": 9,
        "type": "not_init",
        "range": null,
        "offset": null
      },
      {
        "r": 10,
        "type": "stack_ptr",
        "range": null,
        "offset": 0
      }
    ],
    "stack_init": [],
    "action": "r1 add= 1"
  },
  {
    "pc": 4,
    "insns": "4   jlt r1, 10, +-3",
    "regs": [
      {
        "r": 0,
        "type": "scalar",
        "range": [
          1,
          8
        ],
        "offset": null
      },
      {
        "r": 1,
        "type": "scalar",
        "range": [
          1,
          8
        ],
        "offset": null
      },
      {
        "r": 2,
        "type": "not_init",
        "range": null,
        "offset": null
      },
      {
        "r": 3,
        "type": "not_init",
        "range": null,
        "offset": null
      },
      {
        "r": 4,
        "type": "not_init",
        "range": null,
        "offset": null
      },
      {
        "r": 5,
        "type": "not_init",
        "range": null,
        "offset": null
      },
      {
        "r": 6,
        "type": "not_init",
        "range": null,
        "offset": null
      },
      {
        "r": 7,
        "type": "not_init",
        "range": null,
        "offset": null
      },
      {
        "r": 8,
        "type": "not_init",
        "range": null,
        "offset": null
      },
      {
        "r": 9,
        "type": "not_init",
        "range": null,
        "offset": null
      },
      {
        "r": 10,
        "type": "stack_ptr",
        "range": null,
        "offset": 0
      }
    ],
    "stack_init": [],
    "action": "jlt r1, 10, +-3"
  },
  {
    "pc": 2,
    "insns": "2   add r0, 1",
    "regs": [
      {
        "r": 0,
        "type": "scalar",
        "range": [
          1,
          9
        ],
        "offset": null
      },
      {
        "r": 1,
        "type": "scalar",
        "range": [
          0,
          8
        ],
        "offset": null
      },
      {
        "r": 2,
        "type": "not_init",
        "range": null,
        "offset": null
      },
      {
        "r": 3,
        "type": "not_init",
        "range": null,
        "offset": null
      },
      {
        "r": 4,
        "type": "not_init",
        "range": null,
        "offset": null
      },
      {
        "r": 5,
        "type": "not_init",
        "range": null,
        "offset": null
      },
      {
        "r": 6,
        "type": "not_init",
        "range": null,
        "offset": null
      },
      {
        "r": 7,
        "type": "not_init",
        "range": null,
        "offset": null
      },
      {
        "r": 8,
        "type": "not_init",
        "range": null,
        "offset": null
      },
      {
        "r": 9,
        "type": "not_init",
        "range": null,
        "offset": null
      },
      {
        "r": 10,
        "type": "stack_ptr",
        "range": null,
        "offset": 0
      }
    ],
    "stack_init": [],
    "action": "r0 add= 1"
  },
  {
    "pc": 3,
    "insns": "3   add r1, 1",
    "regs": [
      {
        "r": 0,
        "type": "scalar",
        "range": [
          1,
          9
        ],
        "offset": null
      },
      {
        "r": 1,
        "type": "scalar",
        "range": [
          1,
          9
        ],
        "offset": null
      },
      {
        "r": 2,
        "type": "not_init",
        "range": null,
        "offset": null
      },
      {
        "r": 3,
        "type": "not_init",
        "range": null,
        "offset": null
      },
      {
        "r": 4,
        "type": "not_init",
        "range": null,
        "offset": null
      },
      {
        "r": 5,
        "type": "not_init",
        "range": null,
        "offset": null
      },
      {
        "r": 6,
        "type": "not_init",
        "range": null,
        "offset": null
      },
      {
        "r": 7,
        "type": "not_init",
        "range": null,
        "offset": null
      },
      {
        "r": 8,
        "type": "not_init",
        "range": null,
        "offset": null
      },
      {
        "r": 9,
        "type": "not_init",
        "range": null,
        "offset": null
      },
      {
        "r": 10,
        "type": "stack_ptr",
        "range": null,
        "offset": 0
      }
    ],
    "stack_init": [],
    "action": "r1 add= 1"
  },
  {
    "pc": 4,
    "insns": "4   jlt r1, 10, +-3",
    "regs": [
      {
        "r": 0,
        "type": "scalar",
        "range": [
          1,
          9
        ],
        "offset": null
      },
      {
        "r": 1,
        "type": "scalar",
        "range": [
          1,
          9
        ],
        "offset": null
      },
      {
        "r": 2,
        "type": "not_init",
        "range": null,
        "offset": null
      },
      {
        "r": 3,
        "type": "not_init",
        "range": null,
        "offset": null
      },
      {
        "r": 4,
        "type": "not_init",
        "range": null,
        "offset": null
      },
      {
        "r": 5,
        "type": "not_init",
        "range": null,
        "offset": null
      },
      {
        "r": 6,
        "type": "not_init",
        "range": null,
        "offset": null
      },
      {
        "r": 7,
        "type": "not_init",
        "range": null,
        "offset": null
      },
      {
        "r": 8,
        "type": "not_init",
        "range": null,
        "offset": null
      },
      {
        "r": 9,
        "type": "not_init",
        "range": null,
        "offset": null
      },
      {
        "r": 10,
        "type": "stack_ptr",
        "range": null,
        "offset": 0
      }
    ],
    "stack_init": [],
    "action": "jlt r1, 10, +-3"
  },
  {
    "pc": 2,
    "insns": "2   add r0, 1",
    "regs": [
      {
        "r": 0,
        "type": "scalar",
        "range": [
          1,
          10
        ],
        "offset": null
      },
      {
        "r": 1,
        "type": "scalar",
        "range": [
          0,
          9
        ],
        "offset": null
      },
      {
        "r": 2,
        "type": "not_init",
        "range": null,
        "offset": null
      },
      {
        "r": 3,
        "type": "not_init",
        "range": null,
        "offset": null
      },
      {
        "r": 4,
        "type": "not_init",
        "range": null,
        "offset": null
      },
      {
        "r": 5,
        "type": "not_init",
        "range": null,
        "offset": null
      },
      {
        "r": 6,
        "type": "not_init",
        "range": null,
        "offset": null
      },
      {
        "r": 7,
        "type": "not_init",
        "range": null,
        "offset": null
      },
      {
        "r": 8,
        "type": "not_init",
        "range": null,
        "offset": null
      },
      {
        "r": 9,
        "type": "not_init",
        "range": null,
        "offset": null
      },
      {
        "r": 10,
        "type": "stack_ptr",
        "range": null,
        "offset": 0
      }
    ],
    "stack_init": [],
    "action": "r0 add= 1"
  },
  {
    "pc": 3,
    "insns": "3   add r1, 1",
    "regs": [
      {
        "r": 0,
        "type": "scalar",
        "range": [
          1,
          10
        ],
        "offset": null
      },
      {
        "r": 1,
        "type": "scalar",
        "range": [
          1,
          10
        ],
        "offset": null
      },
      {
        "r": 2,
        "type": "not_init",
        "range": null,
        "offset": null
      },
      {
        "r": 3,
        "type": "not_init",
        "range": null,
        "offset": null
      },
      {
        "r": 4,
        "type": "not_init",
        "range": null,
        "offset": null
      },
      {
        "r": 5,
        "type": "not_init",
        "range": null,
        "offset": null
      },
      {
        "r": 6,
        "type": "not_init",
        "range": null,
        "offset": null
      },
      {
        "r": 7,
        "type": "not_init",
        "range": null,
        "offset": null
      },
      {
        "r": 8,
        "type": "not_init",
        "range": null,
        "offset": null
      },
      {
        "r": 9,
        "type": "not_init",
        "range": null,
        "offset": null
      },
      {
        "r": 10,
        "type": "stack_ptr",
        "range": null,
        "offset": 0
      }
    ],
    "stack_init": [],
    "action": "r1 add= 1"
  },
  {
    "pc": 4,
    "insns": "4   jlt r1, 10, +-3",
    "regs": [
      {
        "r": 0,
        "type": "scalar",
        "range": [
          1,
          10
        ],
        "offset": null
      },
      {
        "r": 1,
        "type": "scalar",
        "range": [
          1,
          10
        ],
        "offset": null
      },
      {
        "r": 2,
        "type": "not_init",
        "range": null,
        "offset": null
      },
      {
        "r": 3,
        "type": "not_init",
        "range": null,
        "offset": null
      },
      {
        "r": 4,
        "type": "not_init",
        "range": null,
        "offset": null
      },
      {
        "r": 5,
        "type": "not_init",
        "range": null,
        "offset": null
      },
      {
        "r": 6,
        "type": "not_init",
        "range": null,
        "offset": null
      },
      {
        "r": 7,
        "type": "not_init",
        "range": null,
        "offset": null
      },
      {
        "r": 8,
        "type": "not_init",
        "range": null,
        "offset": null
      },
      {
        "r": 9,
        "type": "not_init",
        "range": null,
        "offset": null
      },
      {
        "r": 10,
        "type": "stack_ptr",
        "range": null,
        "offset": 0
      }
    ],
    "stack_init": [],
    "action": "jlt r1, 10, +-3"
  },
  {
    "pc": 2,
    "insns": "2   add r0, 1",
    "regs": [
      {
        "r": 0,
        "type": "scalar",
        "range": [
          1,
          11
        ],
        "offset": null
      },
      {
        "r": 1,
        "type": "scalar",
        "range": [
          0,
          9
        ],
        "offset": null
      },
      {
        "r": 2,
        "type": "not_init",
        "range": null,
        "offset": null
      },
      {
        "r": 3,
        "type": "not_init",
        "range": null,
        "offset": null
      },
      {
        "r": 4,
        "type": "not_init",
        "range": null,
        "offset": null
      },
      {
        "r": 5,
        "type": "not_init",
        "range": null,
        "offset": null
      },
      {
        "r": 6,
        "type": "not_init",
        "range": null,
        "offset": null
      },
      {
        "r": 7,
        "type": "not_init",
        "range": null,
        "offset": null
      },
      {
        "r": 8,
        "type": "not_init",
        "range": null,
        "offset": null
      },
      {
        "r": 9,
        "type": "not_init",
        "range": null,
        "offset": null
      },
      {
        "r": 10,
        "type": "stack_ptr",
        "range": null,
        "offset": 0
      }
    ],
    "stack_init": [],
    "action": "r0 add= 1"
  },
  {
    "pc": 3,
    "insns": "3   add r1, 1",
    "regs": [
      {
        "r": 0,
        "type": "scalar",
        "range": [
          1,
          11
        ],
        "offset": null
      },
      {
        "r": 1,
        "type": "scalar",
        "range": [
          1,
          10
        ],
        "offset": null
      },
      {
        "r": 2,
        "type": "not_init",
        "range": null,
        "offset": null
      },
      {
        "r": 3,
        "type": "not_init",
        "range": null,
        "offset": null
      },
      {
        "r": 4,
        "type": "not_init",
        "range": null,
        "offset": null
      },
      {
        "r": 5,
        "type": "not_init",
        "range": null,
        "offset": null
      },
      {
        "r": 6,
        "type": "not_init",
        "range": null,
        "offset": null
      },
      {
        "r": 7,
        "type": "not_init",
        "range": null,
        "offset": null
      },
      {
        "r": 8,
        "type": "not_init",
        "range": null,
        "offset": null
      },
      {
        "r": 9,
        "type": "not_init",
        "range": null,
        "offset": null
      },
      {
        "r": 10,
        "type": "stack_ptr",
        "range": null,
        "offset": 0
      }
    ],
    "stack_init": [],
    "action": "r1 add= 1"
  },
  {
    "pc": 4,
    "insns": "4   jlt r1, 10, +-3",
    "regs": [
      {
        "r": 0,
        "type": "scalar",
        "range": [
          1,
          11
        ],
        "offset": null
      },
      {
        "r": 1,
        "type": "scalar",
        "range": [
          1,
          10
        ],
        "offset": null
      },
      {
        "r": 2,
        "type": "not_init",
        "range": null,
        "offset": null
      },
      {
        "r": 3,
        "type": "not_init",
        "range": null,
        "offset": null
      },
      {
        "r": 4,
        "type": "not_init",
        "range": null,
        "offset": null
      },
      {
        "r": 5,
        "type": "not_init",
        "range": null,
        "offset": null
      },
      {
        "r": 6,
        "type": "not_init",
        "range": null,
        "offset": null
      },
      {
        "r": 7,
        "type": "not_init",
        "range": null,
        "offset": null
      },
      {
        "r": 8,
        "type": "not_init",
        "range": null,
        "offset": null
      },
      {
        "r": 9,
        "type": "not_init",
        "range": null,
        "offset": null
      },
      {
        "r": 10,
        "type": "stack_ptr",
        "range": null,
        "offset": 0
      }
    ],
    "stack_init": [],
    "action": "jlt r1, 10, +-3"
  },
  {
    "pc": 2,
    "insns": "2   add r0, 1",
    "regs": [
      {
        "r": 0,
        "type": "scalar",
        "range": [
          1,
          12
        ],
        "offset": null
      },
      {
        "r": 1,
        "type": "scalar",
        "range": [
          0,
          9
        ],
        "offset": null
      },
      {
        "r": 2,
        "type": "not_init",
        "range": null,
        "offset": null
      },
      {
        "r": 3,
        "type": "not_init",
        "range": null,
        "offset": null
      },
      {
        "r": 4,
        "type": "not_init",
        "range": null,
        "offset": null
      },
      {
        "r": 5,
        "type": "not_init",
        "range": null,
        "offset": null
      },
      {
        "r": 6,
        "type": "not_init",
        "range": null,
        "offset": null
      },
      {
        "r": 7,
        "type": "not_init",
        "range": null,
        "offset": null
      },
      {
        "r": 8,
        "type": "not_init",
        "range": null,
        "offset": null
      },
      {
        "r": 9,
        "type": "not_init",
        "range": null,
        "offset": null
      },
      {
        "r": 10,
        "type": "stack_ptr",
        "range": null,
        "offset": 0
      }
    ],
    "stack_init": [],
    "action": "r0 add= 1"
  },
  {
    "pc": 3,
    "insns": "3   add r1, 1",
    "regs": [
      {
        "r": 0,
        "type": "scalar",
        "range": [
          1,
          12
        ],
        "offset": null
      },
      {
        "r": 1,
        "type": "scalar",
        "range": [
          1,
          10
        ],
        "offset": null
      },
      {
        "r": 2,
        "type": "not_init",
        "range": null,
        "offset": null
      },
      {
        "r": 3,
        "type": "not_init",
        "range": null,
        "offset": null
      },
      {
        "r": 4,
        "type": "not_init",
        "range": null,
        "offset": null
      },
      {
        "r": 5,
        "type": "not_init",
        "range": null,
        "offset": null
      },
      {
        "r": 6,
        "type": "not_init",
        "range": null,
        "offset": null
      },
      {
        "r": 7,
        "type": "not_init",
        "range": null,
        "offset": null
      },
      {
        "r": 8,
        "type": "not_init",
        "range": null,
        "offset": null
      },
      {
        "r": 9,
        "type": "not_init",
        "range": null,
        "offset": null
      },
      {
        "r": 10,
        "type": "stack_ptr",
        "range": null,
        "offset": 0
      }
    ],
    "stack_init": [],
    "action": "r1 add= 1"
  },
  {
    "pc": 4,
    "insns": "4   jlt r1, 10, +-3",
    "regs": [
      {
        "r": 0,
        "type": "scalar",
        "range": [
          1,
          12
        ],
        "offset": null
      },
      {
        "r": 1,
        "type": "scalar",
        "range": [
          1,
          10
        ],
        "offset": null
      },
      {
        "r": 2,
        "type": "not_init",
        "range": null,
        "offset": null
      },
      {
        "r": 3,
        "type": "not_init",
        "range": null,
        "offset": null
      },
      {
        "r": 4,
        "type": "not_init",
        "range": null,
        "offset": null
      },
      {
        "r": 5,
        "type": "not_init",
        "range": null,
        "offset": null
      },
      {
        "r": 6,
        "type": "not_init",
        "range": null,
        "offset": null
      },
      {
        "r": 7,
        "type": "not_init",
        "range": null,
        "offset": null
      },
      {
        "r": 8,
        "type": "not_init",
        "range": null,
        "offset": null
      },
      {
        "r": 9,
        "type": "not_init",
        "range": null,
        "offset": null
      },
      {
        "r": 10,
        "type": "stack_ptr",
        "range": null,
        "offset": 0
      }
    ],
    "stack_init": [],
    "action": "jlt r1, 10, +-3"
  },
  {
    "pc": 2,
    "insns": "2   add r0, 1",
    "regs": [
      {
        "r": 0,
        "type": "scalar",
        "range": [
          1,
          13
        ],
        "offset": null
      },
      {
        "r": 1,
        "type": "scalar",
        "range": [
          0,
          9
        ],
        "offset": null
      },
      {
        "r": 2,
        "type": "not_init",
        "range": null,
        "offset": null
      },
      {
        "r": 3,
        "type": "not_init",
        "range": null,
        "offset": null
      },
      {
        "r": 4,
        "type": "not_init",
        "range": null,
        "offset": null
      },
      {
        "r": 5,
        "type": "not_init",
        "range": null,
        "offset": null
      },
      {
        "r": 6,
        "type": "not_init",
        "range": null,
        "offset": null
      },
      {
        "r": 7,
        "type": "not_init",
        "range": null,
        "offset": null
      },
      {
        "r": 8,
        "type": "not_init",
        "range": null,
        "offset": null
      },
      {
        "r": 9,
        "type": "not_init",
        "range": null,
        "offset": null
      },
      {
        "r": 10,
        "type": "stack_ptr",
        "range": null,
        "offset": 0
      }
    ],
    "stack_init": [],
    "action": "r0 add= 1"
  },
  {
    "pc": 3,
    "insns": "3   add r1, 1",
    "regs": [
      {
        "r": 0,
        "type": "scalar",
        "range": [
          1,
          13
        ],
        "offset": null
      },
      {
        "r": 1,
        "type": "scalar",
        "range": [
          1,
          10
        ],
        "offset": null
      },
      {
        "r": 2,
        "type": "not_init",
        "range": null,
        "offset": null
      },
      {
        "r": 3,
        "type": "not_init",
        "range": null,
        "offset": null
      },
      {
        "r": 4,
        "type": "not_init",
        "range": null,
        "offset": null
      },
      {
        "r": 5,
        "type": "not_init",
        "range": null,
        "offset": null
      },
      {
        "r": 6,
        "type": "not_init",
        "range": null,
        "offset": null
      },
      {
        "r": 7,
        "type": "not_init",
        "range": null,
        "offset": null
      },
      {
        "r": 8,
        "type": "not_init",
        "range": null,
        "offset": null
      },
      {
        "r": 9,
        "type": "not_init",
        "range": null,
        "offset": null
      },
      {
        "r": 10,
        "type": "stack_ptr",
        "range": null,
        "offset": 0
      }
    ],
    "stack_init": [],
    "action": "r1 add= 1"
  },
  {
    "pc": 4,
    "insns": "4   jlt r1, 10, +-3",
    "regs": [
      {
        "r": 0,
        "type": "scalar",
        "range": [
          1,
          13
        ],
        "offset": null
      },
      {
        "r": 1,
        "type": "scalar",
        "range": [
          1,
          10
        ],
        "offset": null
      },
      {
        "r": 2,
        "type": "not_init",
        "range": null,
        "offset": null
      },
      {
        "r": 3,
        "type": "not_init",
        "range": null,
        "offset": null
      },
      {
        "r": 4,
        "type": "not_init",
        "range": null,
        "offset": null
      },
      {
        "r": 5,
        "type": "not_init",
        "range": null,
        "offset": null
      },
      {
        "r": 6,
        "type": "not_init",
        "range": null,
        "offset": null
      },
      {
        "r": 7,
        "type": "not_init",
        "range": null,
        "offset": null
      },
      {
        "r": 8,
        "type": "not_init",
        "range": null,
        "offset": null
      },
      {
        "r": 9,
        "type": "not_init",
        "range": null,
        "offset": null
      },
      {
        "r": 10,
        "type": "stack_ptr",
        "range": null,
        "offset": 0
      }
    ],
    "stack_init": [],
    "action": "jlt r1, 10, +-3"
  },
  {
    "pc": 2,
    "insns": "2   add r0, 1",
    "regs": [
      {
        "r": 0,
        "type": "scalar",
        "range": [
          1,
          14
        ],
        "offset": null
      },
      {
        "r": 1,
        "type": "scalar",
        "range": [
          0,
          9
        ],
        "offset": null
      },
      {
        "r": 2,
        "type": "not_init",
        "range": null,
        "offset": null
      },
      {
        "r": 3,
        "type": "not_init",
        "range": null,
        "offset": null
      },
      {
        "r": 4,
        "type": "not_init",
        "range": null,
        "offset": null
      },
      {
        "r": 5,
        "type": "not_init",
        "range": null,
        "offset": null
      },
      {
        "r": 6,
        "type": "not_init",
        "range": null,
        "offset": null
      },
      {
        "r": 7,
        "type": "not_init",
        "range": null,
        "offset": null
      },
      {
        "r": 8,
        "type": "not_init",
        "range": null,
        "offset": null
      },
      {
        "r": 9,
        "type": "not_init",
        "range": null,
        "offset": null
      },
      {
        "r": 10,
        "type": "stack_ptr",
        "range": null,
        "offset": 0
      }
    ],
    "stack_init": [],
    "action": "r0 add= 1"
  },
  {
    "pc": 3,
    "insns": "3   add r1, 1",
    "regs": [
      {
        "r": 0,
        "type": "scalar",
        "range": [
          1,
          14
        ],
        "offset": null
      },
      {
        "r": 1,
        "type": "scalar",
        "range": [
          1,
          10
        ],
        "offset": null
      },
      {
        "r": 2,
        "type": "not_init",
        "range": null,
        "offset": null
      },
      {
        "r": 3,
        "type": "not_init",
        "range": null,
        "offset": null
      },
      {
        "r": 4,
        "type": "not_init",
        "range": null,
        "offset": null
      },
      {
        "r": 5,
        "type": "not_init",
        "range": null,
        "offset": null
      },
      {
        "r": 6,
        "type": "not_init",
        "range": null,
        "offset": null
      },
      {
        "r": 7,
        "type": "not_init",
        "range": null,
        "offset": null
      },
      {
        "r": 8,
        "type": "not_init",
        "range": null,
        "offset": null
      },
      {
        "r": 9,
        "type": "not_init",
        "range": null,
        "offset": null
      },
      {
        "r": 10,
        "type": "stack_ptr",
        "range": null,
        "offset": 0
      }
    ],
    "stack_init": [],
    "action": "r1 add= 1"
  },
  {
    "pc": 4,
    "insns": "4   jlt r1, 10, +-3",
    "regs": [
      {
        "r": 0,
        "type": "scalar",
        "range": [
          1,
          14
        ],
        "offset": null
      },
      {
        "r": 1,
        "type": "scalar",
        "range": [
          1,
          10
        ],
        "offset": null
      },
      {
        "r": 2,
        "type": "not_init",
        "range": null,
        "offset": null
      },
      {
        "r": 3,
        "type": "not_init",
        "range": null,
        "offset": null
      },
      {
        "r": 4,
        "type": "not_init",
        "range": null,
        "offset": null
      },
      {
        "r": 5,
        "type": "not_init",
        "range": null,
        "offset": null
      },
      {
        "r": 6,
        "type": "not_init",
        "range": null,
        "offset": null
      },
      {
        "r": 7,
        "type": "not_init",
        "range": null,
        "offset": null
      },
      {
        "r": 8,
        "type": "not_init",
        "range": null,
        "offset": null
      },
      {
        "r": 9,
        "type": "not_init",
        "range": null,
        "offset": null
      },
      {
        "r": 10,
        "type": "stack_ptr",
        "range": null,
        "offset": 0
      }
    ],
    "stack_init": [],
    "action": "jlt r1, 10, +-3"
  },
  {
    "pc": 2,
    "insns": "2   add r0, 1",
    "regs": [
      {
        "r": 0,
        "type": "scalar",
        "range": [
          1,
          15
        ],
        "offset": null
      },
      {
        "r": 1,
        "type": "scalar",
        "range": [
          0,
          9
        ],
        "offset": null
      },
      {
        "r": 2,
        "type": "not_init",
        "range": null,
        "offset": null
      },
      {
        "r": 3,
        "type": "not_init",
        "range": null,
        "offset": null
      },
      {
        "r": 4,
        "type": "not_init",
        "range": null,
        "offset": null
      },
      {
        "r": 5,
        "type": "not_init",
        "range": null,
        "offset": null
      },
      {
        "r": 6,
        "type": "not_init",
        "range": null,
        "offset": null
      },
      {
        "r": 7,
        "type": "not_init",
        "range": null,
        "offset": null
      },
      {
        "r": 8,
        "type": "not_init",
        "range": null,
        "offset": null
      },
      {
        "r": 9,
        "type": "not_init",
        "range": null,
        "offset": null
      },
      {
        "r": 10,
        "type": "stack_ptr",
        "range": null,
        "offset": 0
      }
    ],
    "stack_init": [],
    "action": "r0 add= 1"
  },
  {
    "pc": 3,
    "insns": "3   add r1, 1",
    "regs": [
      {
        "r": 0,
        "type": "scalar",
        "range": [
          1,
          15
        ],
        "offset": null
      },
      {
        "r": 1,
        "type": "scalar",
        "range": [
          1,
          10
        ],
        "offset": null
      },
      {
        "r": 2,
        "type": "not_init",
        "range": null,
        "offset": null
      },
      {
        "r": 3,
        "type": "not_init",
        "range": null,
        "offset": null
      },
      {
        "r": 4,
        "type": "not_init",
        "range": null,
        "offset": null
      },
      {
        "r": 5,
        "type": "not_init",
        "range": null,
        "offset": null
      },
      {
        "r": 6,
        "type": "not_init",
        "range": null,
        "offset": null
      },
      {
        "r": 7,
        "type": "not_init",
        "range": null,
        "offset": null
      },
      {
        "r": 8,
        "type": "not_init",
        "range": null,
        "offset": null
      },
      {
        "r": 9,
        "type": "not_init",
        "range": null,
        "offset": null
      },
      {
        "r": 10,
        "type": "stack_ptr",
        "range": null,
        "offset": 0
      }
    ],
    "stack_init": [],
    "action": "r1 add= 1"
  },
  {
    "pc": 4,
    "insns": "4   jlt r1, 10, +-3",
    "regs": [
      {
        "r": 0,
        "type": "scalar",
        "range": [
          1,
          15
        ],
        "offset": null
      },
      {
        "r": 1,
        "type": "scalar",
        "range": [
          1,
          10
        ],
        "offset": null
      },
      {
        "r": 2,
        "type": "not_init",
        "range": null,
        "offset": null
      },
      {
        "r": 3,
        "type": "not_init",
        "range": null,
        "offset": null
      },
      {
        "r": 4,
        "type": "not_init",
        "range": null,
        "offset": null
      },
      {
        "r": 5,
        "type": "not_init",
        "range": null,
        "offset": null
      },
      {
        "r": 6,
        "type": "not_init",
        "range": null,
        "offset": null
      },
      {
        "r": 7,
        "type": "not_init",
        "range": null,
        "offset": null
      },
      {
        "r": 8,
        "type": "not_init",
        "range": null,
        "offset": null
      },
      {
        "r": 9,
        "type": "not_init",
        "range": null,
        "offset": null
      },
      {
        "r": 10,
        "type": "stack_ptr",
        "range": null,
        "offset": 0
      }
    ],
    "stack_init": [],
    "action": "jlt r1, 10, +-3"
  },
  {
    "pc": 2,
    "insns": "2   add r0, 1",
    "regs": [
      {
        "r": 0,
        "type": "scalar",
        "range": [
          1,
          16
        ],
        "offset": null
      },
      {
        "r": 1,
        "type": "scalar",
        "range": [
          0,
          9
        ],
        "offset": null
      },
      {
        "r": 2,
        "type": "not_init",
        "range": null,
        "offset": null
      },
      {
        "r": 3,
        "type": "not_init",
        "range": null,
        "offset": null
      },
      {
        "r": 4,
        "type": "not_init",
        "range": null,
        "offset": null
      },
      {
        "r": 5,
        "type": "not_init",
        "range": null,
        "offset": null
      },
      {
        "r": 6,
        "type": "not_init",
        "range": null,
        "offset": null
      },
      {
        "r": 7,
        "type": "not_init",
        "range": null,
        "offset": null
      },
      {
        "r": 8,
        "type": "not_init",
        "range": null,
        "offset": null
      },
      {
        "r": 9,
        "type": "not_init",
        "range": null,
        "offset": null
      },
      {
        "r": 10,
        "type": "stack_ptr",
        "range": null,
        "offset": 0
      }
    ],
    "stack_init": [],
    "action": "r0 add= 1"
  },
  {
    "pc": 3,
    "insns": "3   add r1, 1",
    "regs": [
      {
        "r": 0,
        "type": "scalar",
        "range": [
          1,
          16
        ],
        "offset": null
      },
      {
        "r": 1,
        "type": "scalar",
        "range": [
          1,
          10
        ],
        "offset": null
      },
      {
        "r": 2,
        "type": "not_init",
        "range": null,
        "offset": null
      },
      {
        "r": 3,
        "type": "not_init",
        "range": null,
        "offset": null
      },
      {
        "r": 4,
        "type": "not_init",
        "range": null,
        "offset": null
      },
      {
        "r": 5,
        "type": "not_init",
        "range": null,
        "offset": null
      },
      {
        "r": 6,
        "type": "not_init",
        "range": null,
        "offset": null
      },
      {
        "r": 7,
        "type": "not_init",
        "range": null,
        "offset": null
      },
      {
        "r": 8,
        "type": "not_init",
        "range": null,
        "offset": null
      },
      {
        "r": 9,
        "type": "not_init",
        "range": null,
        "offset": null
      },
      {
        "r": 10,
        "type": "stack_ptr",
        "range": null,
        "offset": 0
      }
    ],
    "stack_init": [],
    "action": "r1 add= 1"
  },
  {
    "pc": 4,
    "insns": "4   jlt r1, 10, +-3",
    "regs": [
      {
        "r": 0,
        "type": "scalar",
        "range": [
          1,
          16
        ],
        "offset": null
      },
      {
        "r": 1,
        "type": "scalar",
        "range": [
          1,
          10
        ],
        "offset": null
      },
      {
        "r": 2,
        "type": "not_init",
        "range": null,
        "offset": null
      },
      {
        "r": 3,
        "type": "not_init",
        "range": null,
        "offset": null
      },
      {
        "r": 4,
        "type": "not_init",
        "range": null,
        "offset": null
      },
      {
        "r": 5,
        "type": "not_init",
        "range": null,
        "offset": null
      },
      {
        "r": 6,
        "type": "not_init",
        "range": null,
        "offset": null
      },
      {
        "r": 7,
        "type": "not_init",
        "range": null,
        "offset": null
      },
      {
        "r": 8,
        "type": "not_init",
        "range": null,
        "offset": null
      },
      {
        "r": 9,
        "type": "not_init",
        "range": null,
        "offset": null
      },
      {
        "r": 10,
        "type": "stack_ptr",
        "range": null,
        "offset": 0
      }
    ],
    "stack_init": [],
    "action": "jlt r1, 10, +-3"
  },
  {
    "pc": 2,
    "insns": "2   add r0, 1",
    "regs": [
      {
        "r": 0,
        "type": "scalar",
        "range": [
          1,
          17
        ],
        "offset": null
      },
      {
        "r": 1,
        "type": "scalar",
        "range": [
          0,
          9
        ],
        "offset": null
      },
      {
        "r": 2,
        "type": "not_init",
        "range": null,
        "offset": null
      },
      {
        "r": 3,
        "type": "not_init",
        "range": null,
        "offset": null
      },
      {
        "r": 4,
        "type": "not_init",
        "range": null,
        "offset": null
      },
      {
        "r": 5,
        "type": "not_init",
        "range": null,
        "offset": null
      },
      {
        "r": 6,
        "type": "not_init",
        "range": null,
        "offset": null
      },
      {
        "r": 7,
        "type": "not_init",
        "range": null,
        "offset": null
      },
      {
        "r": 8,
        "type": "not_init",
        "range": null,
        "offset": null
      },
      {
        "r": 9,
        "type": "not_init",
        "range": null,
        "offset": null
      },
      {
        "r": 10,
        "type": "stack_ptr",
        "range": null,
        "offset": 0
      }
    ],
    "stack_init": [],
    "action": "r0 add= 1"
  },
  {
    "pc": 3,
    "insns": "3   add r1, 1",
    "regs": [
      {
        "r": 0,
        "type": "scalar",
        "range": [
          1,
          17
        ],
        "offset": null
      },
      {
        "r": 1,
        "type": "scalar",
        "range": [
          1,
          10
        ],
        "offset": null
      },
      {
        "r": 2,
        "type": "not_init",
        "range": null,
        "offset": null
      },
      {
        "r": 3,
        "type": "not_init",
        "range": null,
        "offset": null
      },
      {
        "r": 4,
        "type": "not_init",
        "range": null,
        "offset": null
      },
      {
        "r": 5,
        "type": "not_init",
        "range": null,
        "offset": null
      },
      {
        "r": 6,
        "type": "not_init",
        "range": null,
        "offset": null
      },
      {
        "r": 7,
        "type": "not_init",
        "range": null,
        "offset": null
      },
      {
        "r": 8,
        "type": "not_init",
        "range": null,
        "offset": null
      },
      {
        "r": 9,
        "type": "not_init",
        "range": null,
        "offset": null
      },
      {
        "r": 10,
        "type": "stack_ptr",
        "range": null,
        "offset": 0
      }
    ],
    "stack_init": [],
    "action": "r1 add= 1"
  },
  {
    "pc": 4,
    "insns": "4   jlt r1, 10, +-3",
    "regs": [
      {
        "r": 0,
        "type": "scalar",
        "range": [
          1,
          17
        ],
        "offset": null
      },
      {
        "r": 1,
        "type": "scalar",
        "range": [
          1,
          10
        ],
        "offset": null
      },
      {
        "r": 2,
        "type": "not_init",
        "range": null,
        "offset": null
      },
      {
        "r": 3,
        "type": "not_init",
        "range": null,
        "offset": null
      },
      {
        "r": 4,
        "type": "not_init",
        "range": null,
        "offset": null
      },
      {
        "r": 5,
        "type": "not_init",
        "range": null,
        "offset": null
      },
      {
        "r": 6,
        "type": "not_init",
        "range": null,
        "offset": null
      },
      {
        "r": 7,
        "type": "not_init",
        "range": null,
        "offset": null
      },
      {
        "r": 8,
        "type": "not_init",
        "range": null,
        "offset": null
      },
      {
        "r": 9,
        "type": "not_init",
        "range": null,
        "offset": null
      },
      {
        "r": 10,
        "type": "stack_ptr",
        "range": null,
        "offset": 0
      }
    ],
    "stack_init": [],
    "action": "jlt r1, 10, +-3"
  },
  {
    "pc": 2,
    "insns": "2   add r0, 1",
    "regs": [
      {
        "r": 0,
        "type": "unknown",
        "range": null,
        "offset": null
      },
      {
        "r": 1,
        "type": "scalar",
        "range": [
          0,
          9
        ],
        "offset": null
      },
      {
        "r": 2,
        "type": "not_init",
        "range": null,
        "offset": null
      },
      {
        "r": 3,
        "type": "not_init",
        "range": null,
        "offset": null
      },
      {
        "r": 4,
        "type": "not_init",
        "range": null,
        "offset": null
      },
      {
        "r": 5,
        "type": "not_init",
        "range": null,
        "offset": null
      },
      {
        "r": 6,
        "type": "not_init",
        "range": null,
        "offset": null
      },
      {
        "r": 7,
        "type": "not_init",
        "range": null,
        "offset": null
      },
      {
        "r": 8,
        "type": "not_init",
        "range": null,
        "offset": null
      },
      {
        "r": 9,
        "type": "not_init",
        "range": null,
        "offset": null
      },
      {
        "r": 10,
        "type": "stack_ptr",
        "range": null,
        "offset": 0
      }
    ],
    "stack_init": [],
    "action": "r0 add= 1"
  },
  {
    "pc": 3,
    "insns": "3   add r1, 1",
    "regs": [
      {
        "r": 0,
        "type": "unknown",
        "range": null,
        "offset": null
      },
      {
        "r": 1,
        "type": "scalar",
        "range": [
          1,
          10
        ],
        "offset": null
      },
      {
        "r": 2,
        "type": "not_init",
        "range": null,
        "offset": null
      },
      {
        "r": 3,
        "type": "not_init",
        "range": null,
        "offset": null
      },
      {
        "r": 4,
        "type": "not_init",
        "range": null,
        "offset": null
      },
      {
        "r": 5,
        "type": "not_init",
        "range": null,
        "offset": null
      },
      {
        "r": 6,
        "type": "not_init",
        "range": null,
        "offset": null
      },
      {
        "r": 7,
        "type": "not_init",
        "range": null,
        "offset": null
      },
      {
        "r": 8,
        "type": "not_init",
        "range": null,
        "offset": null
      },
      {
        "r": 9,
        "type": "not_init",
        "range": null,
        "offset": null
      },
      {
        "r": 10,
        "type": "stack_ptr",
        "range": null,
        "offset": 0
      }
    ],
    "stack_init": [],
    "action": "r1 add= 1"
  },
  {
    "pc": 4,
    "insns": "4   jlt r1, 10, +-3",
    "regs": [
      {
        "r": 0,
        "type": "unknown",
        "range": null,
        "offset": null
      },
      {
        "r": 1,
        "type": "scalar",
        "range": [
          1,
          10
        ],
        "offset": null
      },
      {
        "r": 2,
        "type": "not_init",
        "range": null,
        "offset": null
      },
      {
        "r": 3,
        "type": "not_init",
        "range": null,
        "offset": null
      },
      {
        "r": 4,
        "type": "not_init",
        "range": null,
        "offset": null
      },
      {
        "r": 5,
        "type": "not_init",
        "range": null,
        "offset": null
      },
      {
        "r": 6,
        "type": "not_init",
        "range": null,
        "offset": null
      },
      {
        "r": 7,
        "type": "not_init",
        "range": null,
        "offset": null
      },
      {
        "r": 8,
        "type": "not_init",
        "range": null,
        "offset": null
      },
      {
        "r": 9,
        "type": "not_init",
        "range": null,
        "offset": null
      },
      {
        "r": 10,
        "type": "stack_ptr",
        "range": null,
        "offset": 0
      }
    ],
    "stack_init": [],
    "action": "jlt r1, 10, +-3"
  },
  {
    "pc": 2,
    "insns": "2   add r0, 1",
    "regs": [
      {
        "r": 0,
        "type": "unknown",
        "range": null,
        "offset": null
      },
      {
        "r": 1,
        "type": "scalar",
        "range": [
          0,
          9
        ],
        "offset": null
      },
      {
        "r": 2,
        "type": "not_init",
        "range": null,
        "offset": null
      },
      {
        "r": 3,
        "type": "not_init",
        "range": null,
        "offset": null
      },
      {
        "r": 4,
        "type": "not_init",
        "range": null,
        "offset": null
      },
      {
        "r": 5,
        "type": "not_init",
        "range": null,
        "offset": null
      },
      {
        "r": 6,
        "type": "not_init",
        "range": null,
        "offset": null
      },
      {
        "r": 7,
        "type": "not_init",
        "range": null,
        "offset": null
      },
      {
        "r": 8,
        "type": "not_init",
        "range": null,
        "offset": null
      },
      {
        "r": 9,
        "type": "not_init",
        "range": null,
        "offset": null
      },
      {
        "r": 10,
        "type": "stack_ptr",
        "range": null,
        "offset": 0
      }
    ],
    "stack_init": [],
    "action": "r0 add= 1"
  },
  {
    "pc": 3,
    "insns": "3   add r1, 1",
    "regs": [
      {
        "r": 0,
        "type": "unknown",
        "range": null,
        "offset": null
      },
      {
        "r": 1,
        "type": "scalar",
        "range": [
          1,
          10
        ],
        "offset": null
      },
      {
        "r": 2,
        "type": "not_init",
        "range": null,
        "offset": null
      },
      {
        "r": 3,
        "type": "not_init",
        "range": null,
        "offset": null
      },
      {
        "r": 4,
        "type": "not_init",
        "range": null,
        "offset": null
      },
      {
        "r": 5,
        "type": "not_init",
        "range": null,
        "offset": null
      },
      {
        "r": 6,
        "type": "not_init",
        "range": null,
        "offset": null
      },
      {
        "r": 7,
        "type": "not_init",
        "range": null,
        "offset": null
      },
      {
        "r": 8,
        "type": "not_init",
        "range": null,
        "offset": null
      },
      {
        "r": 9,
        "type": "not_init",
        "range": null,
        "offset": null
      },
      {
        "r": 10,
        "type": "stack_ptr",
        "range": null,
        "offset": 0
      }
    ],
    "stack_init": [],
    "action": "r1 add= 1"
  },
  {
    "pc": 4,
    "insns": "4   jlt r1, 10, +-3",
    "regs": [
      {
        "r": 0,
        "type": "unknown",
        "range": null,
        "offset": null
      },
      {
        "r": 1,
        "type": "scalar",
        "range": [
          1,
          10
        ],
        "offset": null
      },
      {
        "r": 2,
        "type": "not_init",
        "range": null,
        "offset": null
      },
      {
        "r": 3,
        "type": "not_init",
        "range": null,
        "offset": null
      },
      {
        "r": 4,
        "type": "not_init",
        "range": null,
        "offset": null
      },
      {
        "r": 5,
        "type": "not_init",
        "range": null,
        "offset": null
      },
      {
        "r": 6,
        "type": "not_init",
        "range": null,
        "offset": null
      },
      {
        "r": 7,
        "type": "not_init",
        "range": null,
        "offset": null
      },
      {
        "r": 8,
        "type": "not_init",
        "range": null,
        "offset": null
      },
      {
        "r": 9,
        "type": "not_init",
        "range": null,
        "offset": null
      },
      {
        "r": 10,
        "type": "stack_ptr",
        "range": null,
        "offset": 0
      }
    ],
    "stack_init": [],
    "action": "jlt r1, 10, +-3"
  },
  {
    "pc": 5,
    "insns": "5   exit",
    "regs": [
      {
        "r": 0,
        "type": "unknown",
        "range": null,
        "offset": null
      },
      {
        "r": 1,
        "type": "scalar",
        "range": [
          10,
          10
        ],
        "offset": null
      },
      {
        "r": 2,
        "type": "not_init",
        "range": null,
        "offset": null
      },
      {
        "r": 3,
        "type": "not_init",
        "range": null,
        "offset": null
      },
      {
        "r": 4,
        "type": "not_init",
        "range": null,
        "offset": null
      },
      {
        "r": 5,
        "type": "not_init",
        "range": null,
        "offset": null
      },
      {
        "r": 6,
        "type": "not_init",
        "range": null,
        "offset": null
      },
      {
        "r": 7,
        "type": "not_init",
        "range": null,
        "offset": null
      },
      {
        "r": 8,
        "type": "not_init",
        "range": null,
        "offset": null
      },
      {
        "r": 9,
        "type": "not_init",
        "range": null,
        "offset": null
      },
      {
        "r": 10,
        "type": "stack_ptr",
        "range": null,
        "offset": 0
      }
    ],
    "stack_init": [],
    "action": "exit"
  }
]
